// Jest Snapshot v1, https://goo.gl/fbAQLP

exports[`Color provides an array of next values 1`] = `
Array [
  Color {
    "_blue": 0,
    "_green": 0,
    "_red": 0,
    "threeBitScale": Array [
      0,
      36,
      73,
      109,
      146,
      182,
      219,
      255,
    ],
    "twoBitScale": Array [
      0,
      85,
      170,
      255,
    ],
  },
  Color {
    "_blue": 85,
    "_green": 0,
    "_red": 0,
    "threeBitScale": Array [
      0,
      36,
      73,
      109,
      146,
      182,
      219,
      255,
    ],
    "twoBitScale": Array [
      0,
      85,
      170,
      255,
    ],
  },
  Color {
    "_blue": 170,
    "_green": 0,
    "_red": 0,
    "threeBitScale": Array [
      0,
      36,
      73,
      109,
      146,
      182,
      219,
      255,
    ],
    "twoBitScale": Array [
      0,
      85,
      170,
      255,
    ],
  },
  Color {
    "_blue": 255,
    "_green": 0,
    "_red": 0,
    "threeBitScale": Array [
      0,
      36,
      73,
      109,
      146,
      182,
      219,
      255,
    ],
    "twoBitScale": Array [
      0,
      85,
      170,
      255,
    ],
  },
  Color {
    "_blue": 0,
    "_green": 36,
    "_red": 0,
    "threeBitScale": Array [
      0,
      36,
      73,
      109,
      146,
      182,
      219,
      255,
    ],
    "twoBitScale": Array [
      0,
      85,
      170,
      255,
    ],
  },
  Color {
    "_blue": 85,
    "_green": 36,
    "_red": 0,
    "threeBitScale": Array [
      0,
      36,
      73,
      109,
      146,
      182,
      219,
      255,
    ],
    "twoBitScale": Array [
      0,
      85,
      170,
      255,
    ],
  },
  Color {
    "_blue": 170,
    "_green": 36,
    "_red": 0,
    "threeBitScale": Array [
      0,
      36,
      73,
      109,
      146,
      182,
      219,
      255,
    ],
    "twoBitScale": Array [
      0,
      85,
      170,
      255,
    ],
  },
  Color {
    "_blue": 255,
    "_green": 36,
    "_red": 0,
    "threeBitScale": Array [
      0,
      36,
      73,
      109,
      146,
      182,
      219,
      255,
    ],
    "twoBitScale": Array [
      0,
      85,
      170,
      255,
    ],
  },
  Color {
    "_blue": 0,
    "_green": 73,
    "_red": 0,
    "threeBitScale": Array [
      0,
      36,
      73,
      109,
      146,
      182,
      219,
      255,
    ],
    "twoBitScale": Array [
      0,
      85,
      170,
      255,
    ],
  },
  Color {
    "_blue": 85,
    "_green": 73,
    "_red": 0,
    "threeBitScale": Array [
      0,
      36,
      73,
      109,
      146,
      182,
      219,
      255,
    ],
    "twoBitScale": Array [
      0,
      85,
      170,
      255,
    ],
  },
  Color {
    "_blue": 170,
    "_green": 73,
    "_red": 0,
    "threeBitScale": Array [
      0,
      36,
      73,
      109,
      146,
      182,
      219,
      255,
    ],
    "twoBitScale": Array [
      0,
      85,
      170,
      255,
    ],
  },
  Color {
    "_blue": 255,
    "_green": 73,
    "_red": 0,
    "threeBitScale": Array [
      0,
      36,
      73,
      109,
      146,
      182,
      219,
      255,
    ],
    "twoBitScale": Array [
      0,
      85,
      170,
      255,
    ],
  },
  Color {
    "_blue": 0,
    "_green": 109,
    "_red": 0,
    "threeBitScale": Array [
      0,
      36,
      73,
      109,
      146,
      182,
      219,
      255,
    ],
    "twoBitScale": Array [
      0,
      85,
      170,
      255,
    ],
  },
  Color {
    "_blue": 85,
    "_green": 109,
    "_red": 0,
    "threeBitScale": Array [
      0,
      36,
      73,
      109,
      146,
      182,
      219,
      255,
    ],
    "twoBitScale": Array [
      0,
      85,
      170,
      255,
    ],
  },
  Color {
    "_blue": 170,
    "_green": 109,
    "_red": 0,
    "threeBitScale": Array [
      0,
      36,
      73,
      109,
      146,
      182,
      219,
      255,
    ],
    "twoBitScale": Array [
      0,
      85,
      170,
      255,
    ],
  },
  Color {
    "_blue": 255,
    "_green": 109,
    "_red": 0,
    "threeBitScale": Array [
      0,
      36,
      73,
      109,
      146,
      182,
      219,
      255,
    ],
    "twoBitScale": Array [
      0,
      85,
      170,
      255,
    ],
  },
  Color {
    "_blue": 0,
    "_green": 146,
    "_red": 0,
    "threeBitScale": Array [
      0,
      36,
      73,
      109,
      146,
      182,
      219,
      255,
    ],
    "twoBitScale": Array [
      0,
      85,
      170,
      255,
    ],
  },
  Color {
    "_blue": 85,
    "_green": 146,
    "_red": 0,
    "threeBitScale": Array [
      0,
      36,
      73,
      109,
      146,
      182,
      219,
      255,
    ],
    "twoBitScale": Array [
      0,
      85,
      170,
      255,
    ],
  },
  Color {
    "_blue": 170,
    "_green": 146,
    "_red": 0,
    "threeBitScale": Array [
      0,
      36,
      73,
      109,
      146,
      182,
      219,
      255,
    ],
    "twoBitScale": Array [
      0,
      85,
      170,
      255,
    ],
  },
  Color {
    "_blue": 255,
    "_green": 146,
    "_red": 0,
    "threeBitScale": Array [
      0,
      36,
      73,
      109,
      146,
      182,
      219,
      255,
    ],
    "twoBitScale": Array [
      0,
      85,
      170,
      255,
    ],
  },
  Color {
    "_blue": 0,
    "_green": 182,
    "_red": 0,
    "threeBitScale": Array [
      0,
      36,
      73,
      109,
      146,
      182,
      219,
      255,
    ],
    "twoBitScale": Array [
      0,
      85,
      170,
      255,
    ],
  },
  Color {
    "_blue": 85,
    "_green": 182,
    "_red": 0,
    "threeBitScale": Array [
      0,
      36,
      73,
      109,
      146,
      182,
      219,
      255,
    ],
    "twoBitScale": Array [
      0,
      85,
      170,
      255,
    ],
  },
  Color {
    "_blue": 170,
    "_green": 182,
    "_red": 0,
    "threeBitScale": Array [
      0,
      36,
      73,
      109,
      146,
      182,
      219,
      255,
    ],
    "twoBitScale": Array [
      0,
      85,
      170,
      255,
    ],
  },
  Color {
    "_blue": 255,
    "_green": 182,
    "_red": 0,
    "threeBitScale": Array [
      0,
      36,
      73,
      109,
      146,
      182,
      219,
      255,
    ],
    "twoBitScale": Array [
      0,
      85,
      170,
      255,
    ],
  },
  Color {
    "_blue": 0,
    "_green": 219,
    "_red": 0,
    "threeBitScale": Array [
      0,
      36,
      73,
      109,
      146,
      182,
      219,
      255,
    ],
    "twoBitScale": Array [
      0,
      85,
      170,
      255,
    ],
  },
  Color {
    "_blue": 85,
    "_green": 219,
    "_red": 0,
    "threeBitScale": Array [
      0,
      36,
      73,
      109,
      146,
      182,
      219,
      255,
    ],
    "twoBitScale": Array [
      0,
      85,
      170,
      255,
    ],
  },
  Color {
    "_blue": 170,
    "_green": 219,
    "_red": 0,
    "threeBitScale": Array [
      0,
      36,
      73,
      109,
      146,
      182,
      219,
      255,
    ],
    "twoBitScale": Array [
      0,
      85,
      170,
      255,
    ],
  },
  Color {
    "_blue": 255,
    "_green": 219,
    "_red": 0,
    "threeBitScale": Array [
      0,
      36,
      73,
      109,
      146,
      182,
      219,
      255,
    ],
    "twoBitScale": Array [
      0,
      85,
      170,
      255,
    ],
  },
  Color {
    "_blue": 0,
    "_green": 255,
    "_red": 0,
    "threeBitScale": Array [
      0,
      36,
      73,
      109,
      146,
      182,
      219,
      255,
    ],
    "twoBitScale": Array [
      0,
      85,
      170,
      255,
    ],
  },
  Color {
    "_blue": 85,
    "_green": 255,
    "_red": 0,
    "threeBitScale": Array [
      0,
      36,
      73,
      109,
      146,
      182,
      219,
      255,
    ],
    "twoBitScale": Array [
      0,
      85,
      170,
      255,
    ],
  },
  Color {
    "_blue": 170,
    "_green": 255,
    "_red": 0,
    "threeBitScale": Array [
      0,
      36,
      73,
      109,
      146,
      182,
      219,
      255,
    ],
    "twoBitScale": Array [
      0,
      85,
      170,
      255,
    ],
  },
  Color {
    "_blue": 255,
    "_green": 255,
    "_red": 0,
    "threeBitScale": Array [
      0,
      36,
      73,
      109,
      146,
      182,
      219,
      255,
    ],
    "twoBitScale": Array [
      0,
      85,
      170,
      255,
    ],
  },
  Color {
    "_blue": 0,
    "_green": 0,
    "_red": 36,
    "threeBitScale": Array [
      0,
      36,
      73,
      109,
      146,
      182,
      219,
      255,
    ],
    "twoBitScale": Array [
      0,
      85,
      170,
      255,
    ],
  },
  Color {
    "_blue": 85,
    "_green": 0,
    "_red": 36,
    "threeBitScale": Array [
      0,
      36,
      73,
      109,
      146,
      182,
      219,
      255,
    ],
    "twoBitScale": Array [
      0,
      85,
      170,
      255,
    ],
  },
  Color {
    "_blue": 170,
    "_green": 0,
    "_red": 36,
    "threeBitScale": Array [
      0,
      36,
      73,
      109,
      146,
      182,
      219,
      255,
    ],
    "twoBitScale": Array [
      0,
      85,
      170,
      255,
    ],
  },
  Color {
    "_blue": 255,
    "_green": 0,
    "_red": 36,
    "threeBitScale": Array [
      0,
      36,
      73,
      109,
      146,
      182,
      219,
      255,
    ],
    "twoBitScale": Array [
      0,
      85,
      170,
      255,
    ],
  },
  Color {
    "_blue": 0,
    "_green": 36,
    "_red": 36,
    "threeBitScale": Array [
      0,
      36,
      73,
      109,
      146,
      182,
      219,
      255,
    ],
    "twoBitScale": Array [
      0,
      85,
      170,
      255,
    ],
  },
  Color {
    "_blue": 85,
    "_green": 36,
    "_red": 36,
    "threeBitScale": Array [
      0,
      36,
      73,
      109,
      146,
      182,
      219,
      255,
    ],
    "twoBitScale": Array [
      0,
      85,
      170,
      255,
    ],
  },
  Color {
    "_blue": 170,
    "_green": 36,
    "_red": 36,
    "threeBitScale": Array [
      0,
      36,
      73,
      109,
      146,
      182,
      219,
      255,
    ],
    "twoBitScale": Array [
      0,
      85,
      170,
      255,
    ],
  },
  Color {
    "_blue": 255,
    "_green": 36,
    "_red": 36,
    "threeBitScale": Array [
      0,
      36,
      73,
      109,
      146,
      182,
      219,
      255,
    ],
    "twoBitScale": Array [
      0,
      85,
      170,
      255,
    ],
  },
  Color {
    "_blue": 0,
    "_green": 73,
    "_red": 36,
    "threeBitScale": Array [
      0,
      36,
      73,
      109,
      146,
      182,
      219,
      255,
    ],
    "twoBitScale": Array [
      0,
      85,
      170,
      255,
    ],
  },
  Color {
    "_blue": 85,
    "_green": 73,
    "_red": 36,
    "threeBitScale": Array [
      0,
      36,
      73,
      109,
      146,
      182,
      219,
      255,
    ],
    "twoBitScale": Array [
      0,
      85,
      170,
      255,
    ],
  },
  Color {
    "_blue": 170,
    "_green": 73,
    "_red": 36,
    "threeBitScale": Array [
      0,
      36,
      73,
      109,
      146,
      182,
      219,
      255,
    ],
    "twoBitScale": Array [
      0,
      85,
      170,
      255,
    ],
  },
  Color {
    "_blue": 255,
    "_green": 73,
    "_red": 36,
    "threeBitScale": Array [
      0,
      36,
      73,
      109,
      146,
      182,
      219,
      255,
    ],
    "twoBitScale": Array [
      0,
      85,
      170,
      255,
    ],
  },
  Color {
    "_blue": 0,
    "_green": 109,
    "_red": 36,
    "threeBitScale": Array [
      0,
      36,
      73,
      109,
      146,
      182,
      219,
      255,
    ],
    "twoBitScale": Array [
      0,
      85,
      170,
      255,
    ],
  },
  Color {
    "_blue": 85,
    "_green": 109,
    "_red": 36,
    "threeBitScale": Array [
      0,
      36,
      73,
      109,
      146,
      182,
      219,
      255,
    ],
    "twoBitScale": Array [
      0,
      85,
      170,
      255,
    ],
  },
  Color {
    "_blue": 170,
    "_green": 109,
    "_red": 36,
    "threeBitScale": Array [
      0,
      36,
      73,
      109,
      146,
      182,
      219,
      255,
    ],
    "twoBitScale": Array [
      0,
      85,
      170,
      255,
    ],
  },
  Color {
    "_blue": 255,
    "_green": 109,
    "_red": 36,
    "threeBitScale": Array [
      0,
      36,
      73,
      109,
      146,
      182,
      219,
      255,
    ],
    "twoBitScale": Array [
      0,
      85,
      170,
      255,
    ],
  },
  Color {
    "_blue": 0,
    "_green": 146,
    "_red": 36,
    "threeBitScale": Array [
      0,
      36,
      73,
      109,
      146,
      182,
      219,
      255,
    ],
    "twoBitScale": Array [
      0,
      85,
      170,
      255,
    ],
  },
  Color {
    "_blue": 85,
    "_green": 146,
    "_red": 36,
    "threeBitScale": Array [
      0,
      36,
      73,
      109,
      146,
      182,
      219,
      255,
    ],
    "twoBitScale": Array [
      0,
      85,
      170,
      255,
    ],
  },
  Color {
    "_blue": 170,
    "_green": 146,
    "_red": 36,
    "threeBitScale": Array [
      0,
      36,
      73,
      109,
      146,
      182,
      219,
      255,
    ],
    "twoBitScale": Array [
      0,
      85,
      170,
      255,
    ],
  },
  Color {
    "_blue": 255,
    "_green": 146,
    "_red": 36,
    "threeBitScale": Array [
      0,
      36,
      73,
      109,
      146,
      182,
      219,
      255,
    ],
    "twoBitScale": Array [
      0,
      85,
      170,
      255,
    ],
  },
  Color {
    "_blue": 0,
    "_green": 182,
    "_red": 36,
    "threeBitScale": Array [
      0,
      36,
      73,
      109,
      146,
      182,
      219,
      255,
    ],
    "twoBitScale": Array [
      0,
      85,
      170,
      255,
    ],
  },
  Color {
    "_blue": 85,
    "_green": 182,
    "_red": 36,
    "threeBitScale": Array [
      0,
      36,
      73,
      109,
      146,
      182,
      219,
      255,
    ],
    "twoBitScale": Array [
      0,
      85,
      170,
      255,
    ],
  },
  Color {
    "_blue": 170,
    "_green": 182,
    "_red": 36,
    "threeBitScale": Array [
      0,
      36,
      73,
      109,
      146,
      182,
      219,
      255,
    ],
    "twoBitScale": Array [
      0,
      85,
      170,
      255,
    ],
  },
  Color {
    "_blue": 255,
    "_green": 182,
    "_red": 36,
    "threeBitScale": Array [
      0,
      36,
      73,
      109,
      146,
      182,
      219,
      255,
    ],
    "twoBitScale": Array [
      0,
      85,
      170,
      255,
    ],
  },
  Color {
    "_blue": 0,
    "_green": 219,
    "_red": 36,
    "threeBitScale": Array [
      0,
      36,
      73,
      109,
      146,
      182,
      219,
      255,
    ],
    "twoBitScale": Array [
      0,
      85,
      170,
      255,
    ],
  },
  Color {
    "_blue": 85,
    "_green": 219,
    "_red": 36,
    "threeBitScale": Array [
      0,
      36,
      73,
      109,
      146,
      182,
      219,
      255,
    ],
    "twoBitScale": Array [
      0,
      85,
      170,
      255,
    ],
  },
  Color {
    "_blue": 170,
    "_green": 219,
    "_red": 36,
    "threeBitScale": Array [
      0,
      36,
      73,
      109,
      146,
      182,
      219,
      255,
    ],
    "twoBitScale": Array [
      0,
      85,
      170,
      255,
    ],
  },
  Color {
    "_blue": 255,
    "_green": 219,
    "_red": 36,
    "threeBitScale": Array [
      0,
      36,
      73,
      109,
      146,
      182,
      219,
      255,
    ],
    "twoBitScale": Array [
      0,
      85,
      170,
      255,
    ],
  },
  Color {
    "_blue": 0,
    "_green": 255,
    "_red": 36,
    "threeBitScale": Array [
      0,
      36,
      73,
      109,
      146,
      182,
      219,
      255,
    ],
    "twoBitScale": Array [
      0,
      85,
      170,
      255,
    ],
  },
  Color {
    "_blue": 85,
    "_green": 255,
    "_red": 36,
    "threeBitScale": Array [
      0,
      36,
      73,
      109,
      146,
      182,
      219,
      255,
    ],
    "twoBitScale": Array [
      0,
      85,
      170,
      255,
    ],
  },
  Color {
    "_blue": 170,
    "_green": 255,
    "_red": 36,
    "threeBitScale": Array [
      0,
      36,
      73,
      109,
      146,
      182,
      219,
      255,
    ],
    "twoBitScale": Array [
      0,
      85,
      170,
      255,
    ],
  },
  Color {
    "_blue": 255,
    "_green": 255,
    "_red": 36,
    "threeBitScale": Array [
      0,
      36,
      73,
      109,
      146,
      182,
      219,
      255,
    ],
    "twoBitScale": Array [
      0,
      85,
      170,
      255,
    ],
  },
  Color {
    "_blue": 0,
    "_green": 0,
    "_red": 73,
    "threeBitScale": Array [
      0,
      36,
      73,
      109,
      146,
      182,
      219,
      255,
    ],
    "twoBitScale": Array [
      0,
      85,
      170,
      255,
    ],
  },
  Color {
    "_blue": 85,
    "_green": 0,
    "_red": 73,
    "threeBitScale": Array [
      0,
      36,
      73,
      109,
      146,
      182,
      219,
      255,
    ],
    "twoBitScale": Array [
      0,
      85,
      170,
      255,
    ],
  },
  Color {
    "_blue": 170,
    "_green": 0,
    "_red": 73,
    "threeBitScale": Array [
      0,
      36,
      73,
      109,
      146,
      182,
      219,
      255,
    ],
    "twoBitScale": Array [
      0,
      85,
      170,
      255,
    ],
  },
  Color {
    "_blue": 255,
    "_green": 0,
    "_red": 73,
    "threeBitScale": Array [
      0,
      36,
      73,
      109,
      146,
      182,
      219,
      255,
    ],
    "twoBitScale": Array [
      0,
      85,
      170,
      255,
    ],
  },
  Color {
    "_blue": 0,
    "_green": 36,
    "_red": 73,
    "threeBitScale": Array [
      0,
      36,
      73,
      109,
      146,
      182,
      219,
      255,
    ],
    "twoBitScale": Array [
      0,
      85,
      170,
      255,
    ],
  },
  Color {
    "_blue": 85,
    "_green": 36,
    "_red": 73,
    "threeBitScale": Array [
      0,
      36,
      73,
      109,
      146,
      182,
      219,
      255,
    ],
    "twoBitScale": Array [
      0,
      85,
      170,
      255,
    ],
  },
  Color {
    "_blue": 170,
    "_green": 36,
    "_red": 73,
    "threeBitScale": Array [
      0,
      36,
      73,
      109,
      146,
      182,
      219,
      255,
    ],
    "twoBitScale": Array [
      0,
      85,
      170,
      255,
    ],
  },
  Color {
    "_blue": 255,
    "_green": 36,
    "_red": 73,
    "threeBitScale": Array [
      0,
      36,
      73,
      109,
      146,
      182,
      219,
      255,
    ],
    "twoBitScale": Array [
      0,
      85,
      170,
      255,
    ],
  },
  Color {
    "_blue": 0,
    "_green": 73,
    "_red": 73,
    "threeBitScale": Array [
      0,
      36,
      73,
      109,
      146,
      182,
      219,
      255,
    ],
    "twoBitScale": Array [
      0,
      85,
      170,
      255,
    ],
  },
  Color {
    "_blue": 85,
    "_green": 73,
    "_red": 73,
    "threeBitScale": Array [
      0,
      36,
      73,
      109,
      146,
      182,
      219,
      255,
    ],
    "twoBitScale": Array [
      0,
      85,
      170,
      255,
    ],
  },
  Color {
    "_blue": 170,
    "_green": 73,
    "_red": 73,
    "threeBitScale": Array [
      0,
      36,
      73,
      109,
      146,
      182,
      219,
      255,
    ],
    "twoBitScale": Array [
      0,
      85,
      170,
      255,
    ],
  },
  Color {
    "_blue": 255,
    "_green": 73,
    "_red": 73,
    "threeBitScale": Array [
      0,
      36,
      73,
      109,
      146,
      182,
      219,
      255,
    ],
    "twoBitScale": Array [
      0,
      85,
      170,
      255,
    ],
  },
  Color {
    "_blue": 0,
    "_green": 109,
    "_red": 73,
    "threeBitScale": Array [
      0,
      36,
      73,
      109,
      146,
      182,
      219,
      255,
    ],
    "twoBitScale": Array [
      0,
      85,
      170,
      255,
    ],
  },
  Color {
    "_blue": 85,
    "_green": 109,
    "_red": 73,
    "threeBitScale": Array [
      0,
      36,
      73,
      109,
      146,
      182,
      219,
      255,
    ],
    "twoBitScale": Array [
      0,
      85,
      170,
      255,
    ],
  },
  Color {
    "_blue": 170,
    "_green": 109,
    "_red": 73,
    "threeBitScale": Array [
      0,
      36,
      73,
      109,
      146,
      182,
      219,
      255,
    ],
    "twoBitScale": Array [
      0,
      85,
      170,
      255,
    ],
  },
  Color {
    "_blue": 255,
    "_green": 109,
    "_red": 73,
    "threeBitScale": Array [
      0,
      36,
      73,
      109,
      146,
      182,
      219,
      255,
    ],
    "twoBitScale": Array [
      0,
      85,
      170,
      255,
    ],
  },
  Color {
    "_blue": 0,
    "_green": 146,
    "_red": 73,
    "threeBitScale": Array [
      0,
      36,
      73,
      109,
      146,
      182,
      219,
      255,
    ],
    "twoBitScale": Array [
      0,
      85,
      170,
      255,
    ],
  },
  Color {
    "_blue": 85,
    "_green": 146,
    "_red": 73,
    "threeBitScale": Array [
      0,
      36,
      73,
      109,
      146,
      182,
      219,
      255,
    ],
    "twoBitScale": Array [
      0,
      85,
      170,
      255,
    ],
  },
  Color {
    "_blue": 170,
    "_green": 146,
    "_red": 73,
    "threeBitScale": Array [
      0,
      36,
      73,
      109,
      146,
      182,
      219,
      255,
    ],
    "twoBitScale": Array [
      0,
      85,
      170,
      255,
    ],
  },
  Color {
    "_blue": 255,
    "_green": 146,
    "_red": 73,
    "threeBitScale": Array [
      0,
      36,
      73,
      109,
      146,
      182,
      219,
      255,
    ],
    "twoBitScale": Array [
      0,
      85,
      170,
      255,
    ],
  },
  Color {
    "_blue": 0,
    "_green": 182,
    "_red": 73,
    "threeBitScale": Array [
      0,
      36,
      73,
      109,
      146,
      182,
      219,
      255,
    ],
    "twoBitScale": Array [
      0,
      85,
      170,
      255,
    ],
  },
  Color {
    "_blue": 85,
    "_green": 182,
    "_red": 73,
    "threeBitScale": Array [
      0,
      36,
      73,
      109,
      146,
      182,
      219,
      255,
    ],
    "twoBitScale": Array [
      0,
      85,
      170,
      255,
    ],
  },
  Color {
    "_blue": 170,
    "_green": 182,
    "_red": 73,
    "threeBitScale": Array [
      0,
      36,
      73,
      109,
      146,
      182,
      219,
      255,
    ],
    "twoBitScale": Array [
      0,
      85,
      170,
      255,
    ],
  },
  Color {
    "_blue": 255,
    "_green": 182,
    "_red": 73,
    "threeBitScale": Array [
      0,
      36,
      73,
      109,
      146,
      182,
      219,
      255,
    ],
    "twoBitScale": Array [
      0,
      85,
      170,
      255,
    ],
  },
  Color {
    "_blue": 0,
    "_green": 219,
    "_red": 73,
    "threeBitScale": Array [
      0,
      36,
      73,
      109,
      146,
      182,
      219,
      255,
    ],
    "twoBitScale": Array [
      0,
      85,
      170,
      255,
    ],
  },
  Color {
    "_blue": 85,
    "_green": 219,
    "_red": 73,
    "threeBitScale": Array [
      0,
      36,
      73,
      109,
      146,
      182,
      219,
      255,
    ],
    "twoBitScale": Array [
      0,
      85,
      170,
      255,
    ],
  },
  Color {
    "_blue": 170,
    "_green": 219,
    "_red": 73,
    "threeBitScale": Array [
      0,
      36,
      73,
      109,
      146,
      182,
      219,
      255,
    ],
    "twoBitScale": Array [
      0,
      85,
      170,
      255,
    ],
  },
  Color {
    "_blue": 255,
    "_green": 219,
    "_red": 73,
    "threeBitScale": Array [
      0,
      36,
      73,
      109,
      146,
      182,
      219,
      255,
    ],
    "twoBitScale": Array [
      0,
      85,
      170,
      255,
    ],
  },
  Color {
    "_blue": 0,
    "_green": 255,
    "_red": 73,
    "threeBitScale": Array [
      0,
      36,
      73,
      109,
      146,
      182,
      219,
      255,
    ],
    "twoBitScale": Array [
      0,
      85,
      170,
      255,
    ],
  },
  Color {
    "_blue": 85,
    "_green": 255,
    "_red": 73,
    "threeBitScale": Array [
      0,
      36,
      73,
      109,
      146,
      182,
      219,
      255,
    ],
    "twoBitScale": Array [
      0,
      85,
      170,
      255,
    ],
  },
  Color {
    "_blue": 170,
    "_green": 255,
    "_red": 73,
    "threeBitScale": Array [
      0,
      36,
      73,
      109,
      146,
      182,
      219,
      255,
    ],
    "twoBitScale": Array [
      0,
      85,
      170,
      255,
    ],
  },
  Color {
    "_blue": 255,
    "_green": 255,
    "_red": 73,
    "threeBitScale": Array [
      0,
      36,
      73,
      109,
      146,
      182,
      219,
      255,
    ],
    "twoBitScale": Array [
      0,
      85,
      170,
      255,
    ],
  },
  Color {
    "_blue": 0,
    "_green": 0,
    "_red": 109,
    "threeBitScale": Array [
      0,
      36,
      73,
      109,
      146,
      182,
      219,
      255,
    ],
    "twoBitScale": Array [
      0,
      85,
      170,
      255,
    ],
  },
  Color {
    "_blue": 85,
    "_green": 0,
    "_red": 109,
    "threeBitScale": Array [
      0,
      36,
      73,
      109,
      146,
      182,
      219,
      255,
    ],
    "twoBitScale": Array [
      0,
      85,
      170,
      255,
    ],
  },
  Color {
    "_blue": 170,
    "_green": 0,
    "_red": 109,
    "threeBitScale": Array [
      0,
      36,
      73,
      109,
      146,
      182,
      219,
      255,
    ],
    "twoBitScale": Array [
      0,
      85,
      170,
      255,
    ],
  },
  Color {
    "_blue": 255,
    "_green": 0,
    "_red": 109,
    "threeBitScale": Array [
      0,
      36,
      73,
      109,
      146,
      182,
      219,
      255,
    ],
    "twoBitScale": Array [
      0,
      85,
      170,
      255,
    ],
  },
  Color {
    "_blue": 0,
    "_green": 36,
    "_red": 109,
    "threeBitScale": Array [
      0,
      36,
      73,
      109,
      146,
      182,
      219,
      255,
    ],
    "twoBitScale": Array [
      0,
      85,
      170,
      255,
    ],
  },
  Color {
    "_blue": 85,
    "_green": 36,
    "_red": 109,
    "threeBitScale": Array [
      0,
      36,
      73,
      109,
      146,
      182,
      219,
      255,
    ],
    "twoBitScale": Array [
      0,
      85,
      170,
      255,
    ],
  },
  Color {
    "_blue": 170,
    "_green": 36,
    "_red": 109,
    "threeBitScale": Array [
      0,
      36,
      73,
      109,
      146,
      182,
      219,
      255,
    ],
    "twoBitScale": Array [
      0,
      85,
      170,
      255,
    ],
  },
  Color {
    "_blue": 255,
    "_green": 36,
    "_red": 109,
    "threeBitScale": Array [
      0,
      36,
      73,
      109,
      146,
      182,
      219,
      255,
    ],
    "twoBitScale": Array [
      0,
      85,
      170,
      255,
    ],
  },
  Color {
    "_blue": 0,
    "_green": 73,
    "_red": 109,
    "threeBitScale": Array [
      0,
      36,
      73,
      109,
      146,
      182,
      219,
      255,
    ],
    "twoBitScale": Array [
      0,
      85,
      170,
      255,
    ],
  },
  Color {
    "_blue": 85,
    "_green": 73,
    "_red": 109,
    "threeBitScale": Array [
      0,
      36,
      73,
      109,
      146,
      182,
      219,
      255,
    ],
    "twoBitScale": Array [
      0,
      85,
      170,
      255,
    ],
  },
  Color {
    "_blue": 170,
    "_green": 73,
    "_red": 109,
    "threeBitScale": Array [
      0,
      36,
      73,
      109,
      146,
      182,
      219,
      255,
    ],
    "twoBitScale": Array [
      0,
      85,
      170,
      255,
    ],
  },
  Color {
    "_blue": 255,
    "_green": 73,
    "_red": 109,
    "threeBitScale": Array [
      0,
      36,
      73,
      109,
      146,
      182,
      219,
      255,
    ],
    "twoBitScale": Array [
      0,
      85,
      170,
      255,
    ],
  },
  Color {
    "_blue": 0,
    "_green": 109,
    "_red": 109,
    "threeBitScale": Array [
      0,
      36,
      73,
      109,
      146,
      182,
      219,
      255,
    ],
    "twoBitScale": Array [
      0,
      85,
      170,
      255,
    ],
  },
  Color {
    "_blue": 85,
    "_green": 109,
    "_red": 109,
    "threeBitScale": Array [
      0,
      36,
      73,
      109,
      146,
      182,
      219,
      255,
    ],
    "twoBitScale": Array [
      0,
      85,
      170,
      255,
    ],
  },
  Color {
    "_blue": 170,
    "_green": 109,
    "_red": 109,
    "threeBitScale": Array [
      0,
      36,
      73,
      109,
      146,
      182,
      219,
      255,
    ],
    "twoBitScale": Array [
      0,
      85,
      170,
      255,
    ],
  },
  Color {
    "_blue": 255,
    "_green": 109,
    "_red": 109,
    "threeBitScale": Array [
      0,
      36,
      73,
      109,
      146,
      182,
      219,
      255,
    ],
    "twoBitScale": Array [
      0,
      85,
      170,
      255,
    ],
  },
  Color {
    "_blue": 0,
    "_green": 146,
    "_red": 109,
    "threeBitScale": Array [
      0,
      36,
      73,
      109,
      146,
      182,
      219,
      255,
    ],
    "twoBitScale": Array [
      0,
      85,
      170,
      255,
    ],
  },
  Color {
    "_blue": 85,
    "_green": 146,
    "_red": 109,
    "threeBitScale": Array [
      0,
      36,
      73,
      109,
      146,
      182,
      219,
      255,
    ],
    "twoBitScale": Array [
      0,
      85,
      170,
      255,
    ],
  },
  Color {
    "_blue": 170,
    "_green": 146,
    "_red": 109,
    "threeBitScale": Array [
      0,
      36,
      73,
      109,
      146,
      182,
      219,
      255,
    ],
    "twoBitScale": Array [
      0,
      85,
      170,
      255,
    ],
  },
  Color {
    "_blue": 255,
    "_green": 146,
    "_red": 109,
    "threeBitScale": Array [
      0,
      36,
      73,
      109,
      146,
      182,
      219,
      255,
    ],
    "twoBitScale": Array [
      0,
      85,
      170,
      255,
    ],
  },
  Color {
    "_blue": 0,
    "_green": 182,
    "_red": 109,
    "threeBitScale": Array [
      0,
      36,
      73,
      109,
      146,
      182,
      219,
      255,
    ],
    "twoBitScale": Array [
      0,
      85,
      170,
      255,
    ],
  },
  Color {
    "_blue": 85,
    "_green": 182,
    "_red": 109,
    "threeBitScale": Array [
      0,
      36,
      73,
      109,
      146,
      182,
      219,
      255,
    ],
    "twoBitScale": Array [
      0,
      85,
      170,
      255,
    ],
  },
  Color {
    "_blue": 170,
    "_green": 182,
    "_red": 109,
    "threeBitScale": Array [
      0,
      36,
      73,
      109,
      146,
      182,
      219,
      255,
    ],
    "twoBitScale": Array [
      0,
      85,
      170,
      255,
    ],
  },
  Color {
    "_blue": 255,
    "_green": 182,
    "_red": 109,
    "threeBitScale": Array [
      0,
      36,
      73,
      109,
      146,
      182,
      219,
      255,
    ],
    "twoBitScale": Array [
      0,
      85,
      170,
      255,
    ],
  },
  Color {
    "_blue": 0,
    "_green": 219,
    "_red": 109,
    "threeBitScale": Array [
      0,
      36,
      73,
      109,
      146,
      182,
      219,
      255,
    ],
    "twoBitScale": Array [
      0,
      85,
      170,
      255,
    ],
  },
  Color {
    "_blue": 85,
    "_green": 219,
    "_red": 109,
    "threeBitScale": Array [
      0,
      36,
      73,
      109,
      146,
      182,
      219,
      255,
    ],
    "twoBitScale": Array [
      0,
      85,
      170,
      255,
    ],
  },
  Color {
    "_blue": 170,
    "_green": 219,
    "_red": 109,
    "threeBitScale": Array [
      0,
      36,
      73,
      109,
      146,
      182,
      219,
      255,
    ],
    "twoBitScale": Array [
      0,
      85,
      170,
      255,
    ],
  },
  Color {
    "_blue": 255,
    "_green": 219,
    "_red": 109,
    "threeBitScale": Array [
      0,
      36,
      73,
      109,
      146,
      182,
      219,
      255,
    ],
    "twoBitScale": Array [
      0,
      85,
      170,
      255,
    ],
  },
  Color {
    "_blue": 0,
    "_green": 255,
    "_red": 109,
    "threeBitScale": Array [
      0,
      36,
      73,
      109,
      146,
      182,
      219,
      255,
    ],
    "twoBitScale": Array [
      0,
      85,
      170,
      255,
    ],
  },
  Color {
    "_blue": 85,
    "_green": 255,
    "_red": 109,
    "threeBitScale": Array [
      0,
      36,
      73,
      109,
      146,
      182,
      219,
      255,
    ],
    "twoBitScale": Array [
      0,
      85,
      170,
      255,
    ],
  },
  Color {
    "_blue": 170,
    "_green": 255,
    "_red": 109,
    "threeBitScale": Array [
      0,
      36,
      73,
      109,
      146,
      182,
      219,
      255,
    ],
    "twoBitScale": Array [
      0,
      85,
      170,
      255,
    ],
  },
  Color {
    "_blue": 255,
    "_green": 255,
    "_red": 109,
    "threeBitScale": Array [
      0,
      36,
      73,
      109,
      146,
      182,
      219,
      255,
    ],
    "twoBitScale": Array [
      0,
      85,
      170,
      255,
    ],
  },
  Color {
    "_blue": 0,
    "_green": 0,
    "_red": 146,
    "threeBitScale": Array [
      0,
      36,
      73,
      109,
      146,
      182,
      219,
      255,
    ],
    "twoBitScale": Array [
      0,
      85,
      170,
      255,
    ],
  },
  Color {
    "_blue": 85,
    "_green": 0,
    "_red": 146,
    "threeBitScale": Array [
      0,
      36,
      73,
      109,
      146,
      182,
      219,
      255,
    ],
    "twoBitScale": Array [
      0,
      85,
      170,
      255,
    ],
  },
  Color {
    "_blue": 170,
    "_green": 0,
    "_red": 146,
    "threeBitScale": Array [
      0,
      36,
      73,
      109,
      146,
      182,
      219,
      255,
    ],
    "twoBitScale": Array [
      0,
      85,
      170,
      255,
    ],
  },
  Color {
    "_blue": 255,
    "_green": 0,
    "_red": 146,
    "threeBitScale": Array [
      0,
      36,
      73,
      109,
      146,
      182,
      219,
      255,
    ],
    "twoBitScale": Array [
      0,
      85,
      170,
      255,
    ],
  },
  Color {
    "_blue": 0,
    "_green": 36,
    "_red": 146,
    "threeBitScale": Array [
      0,
      36,
      73,
      109,
      146,
      182,
      219,
      255,
    ],
    "twoBitScale": Array [
      0,
      85,
      170,
      255,
    ],
  },
  Color {
    "_blue": 85,
    "_green": 36,
    "_red": 146,
    "threeBitScale": Array [
      0,
      36,
      73,
      109,
      146,
      182,
      219,
      255,
    ],
    "twoBitScale": Array [
      0,
      85,
      170,
      255,
    ],
  },
  Color {
    "_blue": 170,
    "_green": 36,
    "_red": 146,
    "threeBitScale": Array [
      0,
      36,
      73,
      109,
      146,
      182,
      219,
      255,
    ],
    "twoBitScale": Array [
      0,
      85,
      170,
      255,
    ],
  },
  Color {
    "_blue": 255,
    "_green": 36,
    "_red": 146,
    "threeBitScale": Array [
      0,
      36,
      73,
      109,
      146,
      182,
      219,
      255,
    ],
    "twoBitScale": Array [
      0,
      85,
      170,
      255,
    ],
  },
  Color {
    "_blue": 0,
    "_green": 73,
    "_red": 146,
    "threeBitScale": Array [
      0,
      36,
      73,
      109,
      146,
      182,
      219,
      255,
    ],
    "twoBitScale": Array [
      0,
      85,
      170,
      255,
    ],
  },
  Color {
    "_blue": 85,
    "_green": 73,
    "_red": 146,
    "threeBitScale": Array [
      0,
      36,
      73,
      109,
      146,
      182,
      219,
      255,
    ],
    "twoBitScale": Array [
      0,
      85,
      170,
      255,
    ],
  },
  Color {
    "_blue": 170,
    "_green": 73,
    "_red": 146,
    "threeBitScale": Array [
      0,
      36,
      73,
      109,
      146,
      182,
      219,
      255,
    ],
    "twoBitScale": Array [
      0,
      85,
      170,
      255,
    ],
  },
  Color {
    "_blue": 255,
    "_green": 73,
    "_red": 146,
    "threeBitScale": Array [
      0,
      36,
      73,
      109,
      146,
      182,
      219,
      255,
    ],
    "twoBitScale": Array [
      0,
      85,
      170,
      255,
    ],
  },
  Color {
    "_blue": 0,
    "_green": 109,
    "_red": 146,
    "threeBitScale": Array [
      0,
      36,
      73,
      109,
      146,
      182,
      219,
      255,
    ],
    "twoBitScale": Array [
      0,
      85,
      170,
      255,
    ],
  },
  Color {
    "_blue": 85,
    "_green": 109,
    "_red": 146,
    "threeBitScale": Array [
      0,
      36,
      73,
      109,
      146,
      182,
      219,
      255,
    ],
    "twoBitScale": Array [
      0,
      85,
      170,
      255,
    ],
  },
  Color {
    "_blue": 170,
    "_green": 109,
    "_red": 146,
    "threeBitScale": Array [
      0,
      36,
      73,
      109,
      146,
      182,
      219,
      255,
    ],
    "twoBitScale": Array [
      0,
      85,
      170,
      255,
    ],
  },
  Color {
    "_blue": 255,
    "_green": 109,
    "_red": 146,
    "threeBitScale": Array [
      0,
      36,
      73,
      109,
      146,
      182,
      219,
      255,
    ],
    "twoBitScale": Array [
      0,
      85,
      170,
      255,
    ],
  },
  Color {
    "_blue": 0,
    "_green": 146,
    "_red": 146,
    "threeBitScale": Array [
      0,
      36,
      73,
      109,
      146,
      182,
      219,
      255,
    ],
    "twoBitScale": Array [
      0,
      85,
      170,
      255,
    ],
  },
  Color {
    "_blue": 85,
    "_green": 146,
    "_red": 146,
    "threeBitScale": Array [
      0,
      36,
      73,
      109,
      146,
      182,
      219,
      255,
    ],
    "twoBitScale": Array [
      0,
      85,
      170,
      255,
    ],
  },
  Color {
    "_blue": 170,
    "_green": 146,
    "_red": 146,
    "threeBitScale": Array [
      0,
      36,
      73,
      109,
      146,
      182,
      219,
      255,
    ],
    "twoBitScale": Array [
      0,
      85,
      170,
      255,
    ],
  },
  Color {
    "_blue": 255,
    "_green": 146,
    "_red": 146,
    "threeBitScale": Array [
      0,
      36,
      73,
      109,
      146,
      182,
      219,
      255,
    ],
    "twoBitScale": Array [
      0,
      85,
      170,
      255,
    ],
  },
  Color {
    "_blue": 0,
    "_green": 182,
    "_red": 146,
    "threeBitScale": Array [
      0,
      36,
      73,
      109,
      146,
      182,
      219,
      255,
    ],
    "twoBitScale": Array [
      0,
      85,
      170,
      255,
    ],
  },
  Color {
    "_blue": 85,
    "_green": 182,
    "_red": 146,
    "threeBitScale": Array [
      0,
      36,
      73,
      109,
      146,
      182,
      219,
      255,
    ],
    "twoBitScale": Array [
      0,
      85,
      170,
      255,
    ],
  },
  Color {
    "_blue": 170,
    "_green": 182,
    "_red": 146,
    "threeBitScale": Array [
      0,
      36,
      73,
      109,
      146,
      182,
      219,
      255,
    ],
    "twoBitScale": Array [
      0,
      85,
      170,
      255,
    ],
  },
  Color {
    "_blue": 255,
    "_green": 182,
    "_red": 146,
    "threeBitScale": Array [
      0,
      36,
      73,
      109,
      146,
      182,
      219,
      255,
    ],
    "twoBitScale": Array [
      0,
      85,
      170,
      255,
    ],
  },
  Color {
    "_blue": 0,
    "_green": 219,
    "_red": 146,
    "threeBitScale": Array [
      0,
      36,
      73,
      109,
      146,
      182,
      219,
      255,
    ],
    "twoBitScale": Array [
      0,
      85,
      170,
      255,
    ],
  },
  Color {
    "_blue": 85,
    "_green": 219,
    "_red": 146,
    "threeBitScale": Array [
      0,
      36,
      73,
      109,
      146,
      182,
      219,
      255,
    ],
    "twoBitScale": Array [
      0,
      85,
      170,
      255,
    ],
  },
  Color {
    "_blue": 170,
    "_green": 219,
    "_red": 146,
    "threeBitScale": Array [
      0,
      36,
      73,
      109,
      146,
      182,
      219,
      255,
    ],
    "twoBitScale": Array [
      0,
      85,
      170,
      255,
    ],
  },
  Color {
    "_blue": 255,
    "_green": 219,
    "_red": 146,
    "threeBitScale": Array [
      0,
      36,
      73,
      109,
      146,
      182,
      219,
      255,
    ],
    "twoBitScale": Array [
      0,
      85,
      170,
      255,
    ],
  },
  Color {
    "_blue": 0,
    "_green": 255,
    "_red": 146,
    "threeBitScale": Array [
      0,
      36,
      73,
      109,
      146,
      182,
      219,
      255,
    ],
    "twoBitScale": Array [
      0,
      85,
      170,
      255,
    ],
  },
  Color {
    "_blue": 85,
    "_green": 255,
    "_red": 146,
    "threeBitScale": Array [
      0,
      36,
      73,
      109,
      146,
      182,
      219,
      255,
    ],
    "twoBitScale": Array [
      0,
      85,
      170,
      255,
    ],
  },
  Color {
    "_blue": 170,
    "_green": 255,
    "_red": 146,
    "threeBitScale": Array [
      0,
      36,
      73,
      109,
      146,
      182,
      219,
      255,
    ],
    "twoBitScale": Array [
      0,
      85,
      170,
      255,
    ],
  },
  Color {
    "_blue": 255,
    "_green": 255,
    "_red": 146,
    "threeBitScale": Array [
      0,
      36,
      73,
      109,
      146,
      182,
      219,
      255,
    ],
    "twoBitScale": Array [
      0,
      85,
      170,
      255,
    ],
  },
  Color {
    "_blue": 0,
    "_green": 0,
    "_red": 182,
    "threeBitScale": Array [
      0,
      36,
      73,
      109,
      146,
      182,
      219,
      255,
    ],
    "twoBitScale": Array [
      0,
      85,
      170,
      255,
    ],
  },
  Color {
    "_blue": 85,
    "_green": 0,
    "_red": 182,
    "threeBitScale": Array [
      0,
      36,
      73,
      109,
      146,
      182,
      219,
      255,
    ],
    "twoBitScale": Array [
      0,
      85,
      170,
      255,
    ],
  },
  Color {
    "_blue": 170,
    "_green": 0,
    "_red": 182,
    "threeBitScale": Array [
      0,
      36,
      73,
      109,
      146,
      182,
      219,
      255,
    ],
    "twoBitScale": Array [
      0,
      85,
      170,
      255,
    ],
  },
  Color {
    "_blue": 255,
    "_green": 0,
    "_red": 182,
    "threeBitScale": Array [
      0,
      36,
      73,
      109,
      146,
      182,
      219,
      255,
    ],
    "twoBitScale": Array [
      0,
      85,
      170,
      255,
    ],
  },
  Color {
    "_blue": 0,
    "_green": 36,
    "_red": 182,
    "threeBitScale": Array [
      0,
      36,
      73,
      109,
      146,
      182,
      219,
      255,
    ],
    "twoBitScale": Array [
      0,
      85,
      170,
      255,
    ],
  },
  Color {
    "_blue": 85,
    "_green": 36,
    "_red": 182,
    "threeBitScale": Array [
      0,
      36,
      73,
      109,
      146,
      182,
      219,
      255,
    ],
    "twoBitScale": Array [
      0,
      85,
      170,
      255,
    ],
  },
  Color {
    "_blue": 170,
    "_green": 36,
    "_red": 182,
    "threeBitScale": Array [
      0,
      36,
      73,
      109,
      146,
      182,
      219,
      255,
    ],
    "twoBitScale": Array [
      0,
      85,
      170,
      255,
    ],
  },
  Color {
    "_blue": 255,
    "_green": 36,
    "_red": 182,
    "threeBitScale": Array [
      0,
      36,
      73,
      109,
      146,
      182,
      219,
      255,
    ],
    "twoBitScale": Array [
      0,
      85,
      170,
      255,
    ],
  },
  Color {
    "_blue": 0,
    "_green": 73,
    "_red": 182,
    "threeBitScale": Array [
      0,
      36,
      73,
      109,
      146,
      182,
      219,
      255,
    ],
    "twoBitScale": Array [
      0,
      85,
      170,
      255,
    ],
  },
  Color {
    "_blue": 85,
    "_green": 73,
    "_red": 182,
    "threeBitScale": Array [
      0,
      36,
      73,
      109,
      146,
      182,
      219,
      255,
    ],
    "twoBitScale": Array [
      0,
      85,
      170,
      255,
    ],
  },
  Color {
    "_blue": 170,
    "_green": 73,
    "_red": 182,
    "threeBitScale": Array [
      0,
      36,
      73,
      109,
      146,
      182,
      219,
      255,
    ],
    "twoBitScale": Array [
      0,
      85,
      170,
      255,
    ],
  },
  Color {
    "_blue": 255,
    "_green": 73,
    "_red": 182,
    "threeBitScale": Array [
      0,
      36,
      73,
      109,
      146,
      182,
      219,
      255,
    ],
    "twoBitScale": Array [
      0,
      85,
      170,
      255,
    ],
  },
  Color {
    "_blue": 0,
    "_green": 109,
    "_red": 182,
    "threeBitScale": Array [
      0,
      36,
      73,
      109,
      146,
      182,
      219,
      255,
    ],
    "twoBitScale": Array [
      0,
      85,
      170,
      255,
    ],
  },
  Color {
    "_blue": 85,
    "_green": 109,
    "_red": 182,
    "threeBitScale": Array [
      0,
      36,
      73,
      109,
      146,
      182,
      219,
      255,
    ],
    "twoBitScale": Array [
      0,
      85,
      170,
      255,
    ],
  },
  Color {
    "_blue": 170,
    "_green": 109,
    "_red": 182,
    "threeBitScale": Array [
      0,
      36,
      73,
      109,
      146,
      182,
      219,
      255,
    ],
    "twoBitScale": Array [
      0,
      85,
      170,
      255,
    ],
  },
  Color {
    "_blue": 255,
    "_green": 109,
    "_red": 182,
    "threeBitScale": Array [
      0,
      36,
      73,
      109,
      146,
      182,
      219,
      255,
    ],
    "twoBitScale": Array [
      0,
      85,
      170,
      255,
    ],
  },
  Color {
    "_blue": 0,
    "_green": 146,
    "_red": 182,
    "threeBitScale": Array [
      0,
      36,
      73,
      109,
      146,
      182,
      219,
      255,
    ],
    "twoBitScale": Array [
      0,
      85,
      170,
      255,
    ],
  },
  Color {
    "_blue": 85,
    "_green": 146,
    "_red": 182,
    "threeBitScale": Array [
      0,
      36,
      73,
      109,
      146,
      182,
      219,
      255,
    ],
    "twoBitScale": Array [
      0,
      85,
      170,
      255,
    ],
  },
  Color {
    "_blue": 170,
    "_green": 146,
    "_red": 182,
    "threeBitScale": Array [
      0,
      36,
      73,
      109,
      146,
      182,
      219,
      255,
    ],
    "twoBitScale": Array [
      0,
      85,
      170,
      255,
    ],
  },
  Color {
    "_blue": 255,
    "_green": 146,
    "_red": 182,
    "threeBitScale": Array [
      0,
      36,
      73,
      109,
      146,
      182,
      219,
      255,
    ],
    "twoBitScale": Array [
      0,
      85,
      170,
      255,
    ],
  },
  Color {
    "_blue": 0,
    "_green": 182,
    "_red": 182,
    "threeBitScale": Array [
      0,
      36,
      73,
      109,
      146,
      182,
      219,
      255,
    ],
    "twoBitScale": Array [
      0,
      85,
      170,
      255,
    ],
  },
  Color {
    "_blue": 85,
    "_green": 182,
    "_red": 182,
    "threeBitScale": Array [
      0,
      36,
      73,
      109,
      146,
      182,
      219,
      255,
    ],
    "twoBitScale": Array [
      0,
      85,
      170,
      255,
    ],
  },
  Color {
    "_blue": 170,
    "_green": 182,
    "_red": 182,
    "threeBitScale": Array [
      0,
      36,
      73,
      109,
      146,
      182,
      219,
      255,
    ],
    "twoBitScale": Array [
      0,
      85,
      170,
      255,
    ],
  },
  Color {
    "_blue": 255,
    "_green": 182,
    "_red": 182,
    "threeBitScale": Array [
      0,
      36,
      73,
      109,
      146,
      182,
      219,
      255,
    ],
    "twoBitScale": Array [
      0,
      85,
      170,
      255,
    ],
  },
  Color {
    "_blue": 0,
    "_green": 219,
    "_red": 182,
    "threeBitScale": Array [
      0,
      36,
      73,
      109,
      146,
      182,
      219,
      255,
    ],
    "twoBitScale": Array [
      0,
      85,
      170,
      255,
    ],
  },
  Color {
    "_blue": 85,
    "_green": 219,
    "_red": 182,
    "threeBitScale": Array [
      0,
      36,
      73,
      109,
      146,
      182,
      219,
      255,
    ],
    "twoBitScale": Array [
      0,
      85,
      170,
      255,
    ],
  },
  Color {
    "_blue": 170,
    "_green": 219,
    "_red": 182,
    "threeBitScale": Array [
      0,
      36,
      73,
      109,
      146,
      182,
      219,
      255,
    ],
    "twoBitScale": Array [
      0,
      85,
      170,
      255,
    ],
  },
  Color {
    "_blue": 255,
    "_green": 219,
    "_red": 182,
    "threeBitScale": Array [
      0,
      36,
      73,
      109,
      146,
      182,
      219,
      255,
    ],
    "twoBitScale": Array [
      0,
      85,
      170,
      255,
    ],
  },
  Color {
    "_blue": 0,
    "_green": 255,
    "_red": 182,
    "threeBitScale": Array [
      0,
      36,
      73,
      109,
      146,
      182,
      219,
      255,
    ],
    "twoBitScale": Array [
      0,
      85,
      170,
      255,
    ],
  },
  Color {
    "_blue": 85,
    "_green": 255,
    "_red": 182,
    "threeBitScale": Array [
      0,
      36,
      73,
      109,
      146,
      182,
      219,
      255,
    ],
    "twoBitScale": Array [
      0,
      85,
      170,
      255,
    ],
  },
  Color {
    "_blue": 170,
    "_green": 255,
    "_red": 182,
    "threeBitScale": Array [
      0,
      36,
      73,
      109,
      146,
      182,
      219,
      255,
    ],
    "twoBitScale": Array [
      0,
      85,
      170,
      255,
    ],
  },
  Color {
    "_blue": 255,
    "_green": 255,
    "_red": 182,
    "threeBitScale": Array [
      0,
      36,
      73,
      109,
      146,
      182,
      219,
      255,
    ],
    "twoBitScale": Array [
      0,
      85,
      170,
      255,
    ],
  },
  Color {
    "_blue": 0,
    "_green": 0,
    "_red": 219,
    "threeBitScale": Array [
      0,
      36,
      73,
      109,
      146,
      182,
      219,
      255,
    ],
    "twoBitScale": Array [
      0,
      85,
      170,
      255,
    ],
  },
  Color {
    "_blue": 85,
    "_green": 0,
    "_red": 219,
    "threeBitScale": Array [
      0,
      36,
      73,
      109,
      146,
      182,
      219,
      255,
    ],
    "twoBitScale": Array [
      0,
      85,
      170,
      255,
    ],
  },
  Color {
    "_blue": 170,
    "_green": 0,
    "_red": 219,
    "threeBitScale": Array [
      0,
      36,
      73,
      109,
      146,
      182,
      219,
      255,
    ],
    "twoBitScale": Array [
      0,
      85,
      170,
      255,
    ],
  },
  Color {
    "_blue": 255,
    "_green": 0,
    "_red": 219,
    "threeBitScale": Array [
      0,
      36,
      73,
      109,
      146,
      182,
      219,
      255,
    ],
    "twoBitScale": Array [
      0,
      85,
      170,
      255,
    ],
  },
  Color {
    "_blue": 0,
    "_green": 36,
    "_red": 219,
    "threeBitScale": Array [
      0,
      36,
      73,
      109,
      146,
      182,
      219,
      255,
    ],
    "twoBitScale": Array [
      0,
      85,
      170,
      255,
    ],
  },
  Color {
    "_blue": 85,
    "_green": 36,
    "_red": 219,
    "threeBitScale": Array [
      0,
      36,
      73,
      109,
      146,
      182,
      219,
      255,
    ],
    "twoBitScale": Array [
      0,
      85,
      170,
      255,
    ],
  },
  Color {
    "_blue": 170,
    "_green": 36,
    "_red": 219,
    "threeBitScale": Array [
      0,
      36,
      73,
      109,
      146,
      182,
      219,
      255,
    ],
    "twoBitScale": Array [
      0,
      85,
      170,
      255,
    ],
  },
  Color {
    "_blue": 255,
    "_green": 36,
    "_red": 219,
    "threeBitScale": Array [
      0,
      36,
      73,
      109,
      146,
      182,
      219,
      255,
    ],
    "twoBitScale": Array [
      0,
      85,
      170,
      255,
    ],
  },
  Color {
    "_blue": 0,
    "_green": 73,
    "_red": 219,
    "threeBitScale": Array [
      0,
      36,
      73,
      109,
      146,
      182,
      219,
      255,
    ],
    "twoBitScale": Array [
      0,
      85,
      170,
      255,
    ],
  },
  Color {
    "_blue": 85,
    "_green": 73,
    "_red": 219,
    "threeBitScale": Array [
      0,
      36,
      73,
      109,
      146,
      182,
      219,
      255,
    ],
    "twoBitScale": Array [
      0,
      85,
      170,
      255,
    ],
  },
  Color {
    "_blue": 170,
    "_green": 73,
    "_red": 219,
    "threeBitScale": Array [
      0,
      36,
      73,
      109,
      146,
      182,
      219,
      255,
    ],
    "twoBitScale": Array [
      0,
      85,
      170,
      255,
    ],
  },
  Color {
    "_blue": 255,
    "_green": 73,
    "_red": 219,
    "threeBitScale": Array [
      0,
      36,
      73,
      109,
      146,
      182,
      219,
      255,
    ],
    "twoBitScale": Array [
      0,
      85,
      170,
      255,
    ],
  },
  Color {
    "_blue": 0,
    "_green": 109,
    "_red": 219,
    "threeBitScale": Array [
      0,
      36,
      73,
      109,
      146,
      182,
      219,
      255,
    ],
    "twoBitScale": Array [
      0,
      85,
      170,
      255,
    ],
  },
  Color {
    "_blue": 85,
    "_green": 109,
    "_red": 219,
    "threeBitScale": Array [
      0,
      36,
      73,
      109,
      146,
      182,
      219,
      255,
    ],
    "twoBitScale": Array [
      0,
      85,
      170,
      255,
    ],
  },
  Color {
    "_blue": 170,
    "_green": 109,
    "_red": 219,
    "threeBitScale": Array [
      0,
      36,
      73,
      109,
      146,
      182,
      219,
      255,
    ],
    "twoBitScale": Array [
      0,
      85,
      170,
      255,
    ],
  },
  Color {
    "_blue": 255,
    "_green": 109,
    "_red": 219,
    "threeBitScale": Array [
      0,
      36,
      73,
      109,
      146,
      182,
      219,
      255,
    ],
    "twoBitScale": Array [
      0,
      85,
      170,
      255,
    ],
  },
  Color {
    "_blue": 0,
    "_green": 146,
    "_red": 219,
    "threeBitScale": Array [
      0,
      36,
      73,
      109,
      146,
      182,
      219,
      255,
    ],
    "twoBitScale": Array [
      0,
      85,
      170,
      255,
    ],
  },
  Color {
    "_blue": 85,
    "_green": 146,
    "_red": 219,
    "threeBitScale": Array [
      0,
      36,
      73,
      109,
      146,
      182,
      219,
      255,
    ],
    "twoBitScale": Array [
      0,
      85,
      170,
      255,
    ],
  },
  Color {
    "_blue": 170,
    "_green": 146,
    "_red": 219,
    "threeBitScale": Array [
      0,
      36,
      73,
      109,
      146,
      182,
      219,
      255,
    ],
    "twoBitScale": Array [
      0,
      85,
      170,
      255,
    ],
  },
  Color {
    "_blue": 255,
    "_green": 146,
    "_red": 219,
    "threeBitScale": Array [
      0,
      36,
      73,
      109,
      146,
      182,
      219,
      255,
    ],
    "twoBitScale": Array [
      0,
      85,
      170,
      255,
    ],
  },
  Color {
    "_blue": 0,
    "_green": 182,
    "_red": 219,
    "threeBitScale": Array [
      0,
      36,
      73,
      109,
      146,
      182,
      219,
      255,
    ],
    "twoBitScale": Array [
      0,
      85,
      170,
      255,
    ],
  },
  Color {
    "_blue": 85,
    "_green": 182,
    "_red": 219,
    "threeBitScale": Array [
      0,
      36,
      73,
      109,
      146,
      182,
      219,
      255,
    ],
    "twoBitScale": Array [
      0,
      85,
      170,
      255,
    ],
  },
  Color {
    "_blue": 170,
    "_green": 182,
    "_red": 219,
    "threeBitScale": Array [
      0,
      36,
      73,
      109,
      146,
      182,
      219,
      255,
    ],
    "twoBitScale": Array [
      0,
      85,
      170,
      255,
    ],
  },
  Color {
    "_blue": 255,
    "_green": 182,
    "_red": 219,
    "threeBitScale": Array [
      0,
      36,
      73,
      109,
      146,
      182,
      219,
      255,
    ],
    "twoBitScale": Array [
      0,
      85,
      170,
      255,
    ],
  },
  Color {
    "_blue": 0,
    "_green": 219,
    "_red": 219,
    "threeBitScale": Array [
      0,
      36,
      73,
      109,
      146,
      182,
      219,
      255,
    ],
    "twoBitScale": Array [
      0,
      85,
      170,
      255,
    ],
  },
  Color {
    "_blue": 85,
    "_green": 219,
    "_red": 219,
    "threeBitScale": Array [
      0,
      36,
      73,
      109,
      146,
      182,
      219,
      255,
    ],
    "twoBitScale": Array [
      0,
      85,
      170,
      255,
    ],
  },
  Color {
    "_blue": 170,
    "_green": 219,
    "_red": 219,
    "threeBitScale": Array [
      0,
      36,
      73,
      109,
      146,
      182,
      219,
      255,
    ],
    "twoBitScale": Array [
      0,
      85,
      170,
      255,
    ],
  },
  Color {
    "_blue": 255,
    "_green": 219,
    "_red": 219,
    "threeBitScale": Array [
      0,
      36,
      73,
      109,
      146,
      182,
      219,
      255,
    ],
    "twoBitScale": Array [
      0,
      85,
      170,
      255,
    ],
  },
  Color {
    "_blue": 0,
    "_green": 255,
    "_red": 219,
    "threeBitScale": Array [
      0,
      36,
      73,
      109,
      146,
      182,
      219,
      255,
    ],
    "twoBitScale": Array [
      0,
      85,
      170,
      255,
    ],
  },
  Color {
    "_blue": 85,
    "_green": 255,
    "_red": 219,
    "threeBitScale": Array [
      0,
      36,
      73,
      109,
      146,
      182,
      219,
      255,
    ],
    "twoBitScale": Array [
      0,
      85,
      170,
      255,
    ],
  },
  Color {
    "_blue": 170,
    "_green": 255,
    "_red": 219,
    "threeBitScale": Array [
      0,
      36,
      73,
      109,
      146,
      182,
      219,
      255,
    ],
    "twoBitScale": Array [
      0,
      85,
      170,
      255,
    ],
  },
  Color {
    "_blue": 255,
    "_green": 255,
    "_red": 219,
    "threeBitScale": Array [
      0,
      36,
      73,
      109,
      146,
      182,
      219,
      255,
    ],
    "twoBitScale": Array [
      0,
      85,
      170,
      255,
    ],
  },
  Color {
    "_blue": 0,
    "_green": 0,
    "_red": 255,
    "threeBitScale": Array [
      0,
      36,
      73,
      109,
      146,
      182,
      219,
      255,
    ],
    "twoBitScale": Array [
      0,
      85,
      170,
      255,
    ],
  },
  Color {
    "_blue": 85,
    "_green": 0,
    "_red": 255,
    "threeBitScale": Array [
      0,
      36,
      73,
      109,
      146,
      182,
      219,
      255,
    ],
    "twoBitScale": Array [
      0,
      85,
      170,
      255,
    ],
  },
  Color {
    "_blue": 170,
    "_green": 0,
    "_red": 255,
    "threeBitScale": Array [
      0,
      36,
      73,
      109,
      146,
      182,
      219,
      255,
    ],
    "twoBitScale": Array [
      0,
      85,
      170,
      255,
    ],
  },
  Color {
    "_blue": 255,
    "_green": 0,
    "_red": 255,
    "threeBitScale": Array [
      0,
      36,
      73,
      109,
      146,
      182,
      219,
      255,
    ],
    "twoBitScale": Array [
      0,
      85,
      170,
      255,
    ],
  },
  Color {
    "_blue": 0,
    "_green": 36,
    "_red": 255,
    "threeBitScale": Array [
      0,
      36,
      73,
      109,
      146,
      182,
      219,
      255,
    ],
    "twoBitScale": Array [
      0,
      85,
      170,
      255,
    ],
  },
  Color {
    "_blue": 85,
    "_green": 36,
    "_red": 255,
    "threeBitScale": Array [
      0,
      36,
      73,
      109,
      146,
      182,
      219,
      255,
    ],
    "twoBitScale": Array [
      0,
      85,
      170,
      255,
    ],
  },
  Color {
    "_blue": 170,
    "_green": 36,
    "_red": 255,
    "threeBitScale": Array [
      0,
      36,
      73,
      109,
      146,
      182,
      219,
      255,
    ],
    "twoBitScale": Array [
      0,
      85,
      170,
      255,
    ],
  },
  Color {
    "_blue": 255,
    "_green": 36,
    "_red": 255,
    "threeBitScale": Array [
      0,
      36,
      73,
      109,
      146,
      182,
      219,
      255,
    ],
    "twoBitScale": Array [
      0,
      85,
      170,
      255,
    ],
  },
  Color {
    "_blue": 0,
    "_green": 73,
    "_red": 255,
    "threeBitScale": Array [
      0,
      36,
      73,
      109,
      146,
      182,
      219,
      255,
    ],
    "twoBitScale": Array [
      0,
      85,
      170,
      255,
    ],
  },
  Color {
    "_blue": 85,
    "_green": 73,
    "_red": 255,
    "threeBitScale": Array [
      0,
      36,
      73,
      109,
      146,
      182,
      219,
      255,
    ],
    "twoBitScale": Array [
      0,
      85,
      170,
      255,
    ],
  },
  Color {
    "_blue": 170,
    "_green": 73,
    "_red": 255,
    "threeBitScale": Array [
      0,
      36,
      73,
      109,
      146,
      182,
      219,
      255,
    ],
    "twoBitScale": Array [
      0,
      85,
      170,
      255,
    ],
  },
  Color {
    "_blue": 255,
    "_green": 73,
    "_red": 255,
    "threeBitScale": Array [
      0,
      36,
      73,
      109,
      146,
      182,
      219,
      255,
    ],
    "twoBitScale": Array [
      0,
      85,
      170,
      255,
    ],
  },
  Color {
    "_blue": 0,
    "_green": 109,
    "_red": 255,
    "threeBitScale": Array [
      0,
      36,
      73,
      109,
      146,
      182,
      219,
      255,
    ],
    "twoBitScale": Array [
      0,
      85,
      170,
      255,
    ],
  },
  Color {
    "_blue": 85,
    "_green": 109,
    "_red": 255,
    "threeBitScale": Array [
      0,
      36,
      73,
      109,
      146,
      182,
      219,
      255,
    ],
    "twoBitScale": Array [
      0,
      85,
      170,
      255,
    ],
  },
  Color {
    "_blue": 170,
    "_green": 109,
    "_red": 255,
    "threeBitScale": Array [
      0,
      36,
      73,
      109,
      146,
      182,
      219,
      255,
    ],
    "twoBitScale": Array [
      0,
      85,
      170,
      255,
    ],
  },
  Color {
    "_blue": 255,
    "_green": 109,
    "_red": 255,
    "threeBitScale": Array [
      0,
      36,
      73,
      109,
      146,
      182,
      219,
      255,
    ],
    "twoBitScale": Array [
      0,
      85,
      170,
      255,
    ],
  },
  Color {
    "_blue": 0,
    "_green": 146,
    "_red": 255,
    "threeBitScale": Array [
      0,
      36,
      73,
      109,
      146,
      182,
      219,
      255,
    ],
    "twoBitScale": Array [
      0,
      85,
      170,
      255,
    ],
  },
  Color {
    "_blue": 85,
    "_green": 146,
    "_red": 255,
    "threeBitScale": Array [
      0,
      36,
      73,
      109,
      146,
      182,
      219,
      255,
    ],
    "twoBitScale": Array [
      0,
      85,
      170,
      255,
    ],
  },
  Color {
    "_blue": 170,
    "_green": 146,
    "_red": 255,
    "threeBitScale": Array [
      0,
      36,
      73,
      109,
      146,
      182,
      219,
      255,
    ],
    "twoBitScale": Array [
      0,
      85,
      170,
      255,
    ],
  },
  Color {
    "_blue": 255,
    "_green": 146,
    "_red": 255,
    "threeBitScale": Array [
      0,
      36,
      73,
      109,
      146,
      182,
      219,
      255,
    ],
    "twoBitScale": Array [
      0,
      85,
      170,
      255,
    ],
  },
  Color {
    "_blue": 0,
    "_green": 182,
    "_red": 255,
    "threeBitScale": Array [
      0,
      36,
      73,
      109,
      146,
      182,
      219,
      255,
    ],
    "twoBitScale": Array [
      0,
      85,
      170,
      255,
    ],
  },
  Color {
    "_blue": 85,
    "_green": 182,
    "_red": 255,
    "threeBitScale": Array [
      0,
      36,
      73,
      109,
      146,
      182,
      219,
      255,
    ],
    "twoBitScale": Array [
      0,
      85,
      170,
      255,
    ],
  },
  Color {
    "_blue": 170,
    "_green": 182,
    "_red": 255,
    "threeBitScale": Array [
      0,
      36,
      73,
      109,
      146,
      182,
      219,
      255,
    ],
    "twoBitScale": Array [
      0,
      85,
      170,
      255,
    ],
  },
  Color {
    "_blue": 255,
    "_green": 182,
    "_red": 255,
    "threeBitScale": Array [
      0,
      36,
      73,
      109,
      146,
      182,
      219,
      255,
    ],
    "twoBitScale": Array [
      0,
      85,
      170,
      255,
    ],
  },
  Color {
    "_blue": 0,
    "_green": 219,
    "_red": 255,
    "threeBitScale": Array [
      0,
      36,
      73,
      109,
      146,
      182,
      219,
      255,
    ],
    "twoBitScale": Array [
      0,
      85,
      170,
      255,
    ],
  },
  Color {
    "_blue": 85,
    "_green": 219,
    "_red": 255,
    "threeBitScale": Array [
      0,
      36,
      73,
      109,
      146,
      182,
      219,
      255,
    ],
    "twoBitScale": Array [
      0,
      85,
      170,
      255,
    ],
  },
  Color {
    "_blue": 170,
    "_green": 219,
    "_red": 255,
    "threeBitScale": Array [
      0,
      36,
      73,
      109,
      146,
      182,
      219,
      255,
    ],
    "twoBitScale": Array [
      0,
      85,
      170,
      255,
    ],
  },
  Color {
    "_blue": 255,
    "_green": 219,
    "_red": 255,
    "threeBitScale": Array [
      0,
      36,
      73,
      109,
      146,
      182,
      219,
      255,
    ],
    "twoBitScale": Array [
      0,
      85,
      170,
      255,
    ],
  },
  Color {
    "_blue": 0,
    "_green": 255,
    "_red": 255,
    "threeBitScale": Array [
      0,
      36,
      73,
      109,
      146,
      182,
      219,
      255,
    ],
    "twoBitScale": Array [
      0,
      85,
      170,
      255,
    ],
  },
  Color {
    "_blue": 85,
    "_green": 255,
    "_red": 255,
    "threeBitScale": Array [
      0,
      36,
      73,
      109,
      146,
      182,
      219,
      255,
    ],
    "twoBitScale": Array [
      0,
      85,
      170,
      255,
    ],
  },
  Color {
    "_blue": 170,
    "_green": 255,
    "_red": 255,
    "threeBitScale": Array [
      0,
      36,
      73,
      109,
      146,
      182,
      219,
      255,
    ],
    "twoBitScale": Array [
      0,
      85,
      170,
      255,
    ],
  },
  Color {
    "_blue": 255,
    "_green": 255,
    "_red": 255,
    "threeBitScale": Array [
      0,
      36,
      73,
      109,
      146,
      182,
      219,
      255,
    ],
    "twoBitScale": Array [
      0,
      85,
      170,
      255,
    ],
  },
]
`;
